
Welcome to Gradle 8.5!

Here are the highlights of this release:
 - Support for running on Java 21
 - Faster first use with Kotlin DSL
 - Improved error and warning messages

For more details see https://docs.gradle.org/8.5/release-notes.html

Starting a Gradle Daemon (subsequent builds will be faster)
podman : 
At line:1 char:1
+ podman run --rm -v ".:/app" android-builder gradle assembleDebug 2>&1 ...
+ ~~~~~~~~~~~~~~~~~~~~~~~~~~~~~~~~~~~~~~~~~~~~~~~~~~~~~~~~~~~~~~~~~~~~~
    + CategoryInfo          : NotSpecified: (:String) [], RemoteException
    + FullyQualifiedErrorId : NativeCommandError
 
FAILURE: Build failed with an exception.

* What went wrong:
Could not create an instance of type org.gradle.api.internal.initialization.DefaultScriptHandler.
> Could not create service of type ChecksumService using BuildSessionScopeServices.createChecksumService().
   > Timeout waiting to lock checksums cache (/app/.gradle/8.5/checksums). It is currently in use by another Gradle 
instance.
     Owner PID: 38
     Our PID: 38
     Owner Operation: 
     Our operation: 
     Lock file: /app/.gradle/8.5/checksums/checksums.lock

* Try:
> Run with --stacktrace option to get the stack trace.
> Run with --info or --debug option to get more log output.
> Run with --scan to get full insights.
> Get more help at https://help.gradle.org.

BUILD FAILED in 1m 4s
